---
source: tests/characterization/help.rs
expression: "&help_output"
---
exit: 0
--- stdout ---
Usage:
  oqtopus backend start <core|sse_engine|mitigator|estimator|combiner|tranqu|gateway|all>
  oqtopus backend start <core|sse_engine|mitigator|estimator|combiner|tranqu|gateway> --foreground
--- stderr ---
--- end ---
