---
source: tests/characterization/manager.rs
expression: "render_observation(&context, &output, &[\".metadata\"])"
---
exit: 0
--- stdout ---
Removed <TEST_ROOT>/work/manager
--- stderr ---
--- filesystem ---
.metadata
--- selected files ---
--- .metadata ---
template=manager
install_root=<TEST_ROOT>/xdg-data/oqtopus/manager/releases
environment_name=demo
environment_root=<TEST_ROOT>/work
created_at=2031-12-13T14:15:16Z
--- end ---
